// Jest Snapshot v1, https://goo.gl/fbAQLP

exports[`Dashboard Results renders with out crashing  1`] = `ReactWrapper {}`;
